// Jest Snapshot v1, https://goo.gl/fbAQLP

exports[`Loading component should render correct Loading component and match with snapshot 1`] = `
<DocumentFragment>
  <div
    class="makeStyles-loaderWrapper-1"
  >
    <div
      class="MuiCircularProgress-root MuiCircularProgress-colorPrimary MuiCircularProgress-indeterminate"
      role="progressbar"
      style="width: 400px; height: 400px;"
    >
      <svg
        class="MuiCircularProgress-svg"
        viewBox="22 22 44 44"
      >
        <circle
          class="MuiCircularProgress-circle MuiCircularProgress-circleDisableShrink MuiCircularProgress-circleIndeterminate"
          cx="44"
          cy="44"
          fill="none"
          r="21"
          stroke-width="2"
        />
      </svg>
    </div>
  </div>
</DocumentFragment>
`;
